---
source: crates/lighthouse-report/tests/it/render.rs
expression: out
---
{"ruleId":"core/max-lines","severity":"warn","message":"file has 12 lines, limit is 10","file":"src/a.txt","span":{"start":{"line":11,"col":1},"end":{"line":12,"col":1}},"fingerprint":"e3c18870ed46f5f02233be2ebf3ae86f28c22971d739ef4dc9f2bac87525026b","evidence":{"lines":12,"max":10},"fix":"split the file"}
{"ruleId":"demo/boom","severity":"error","message":"boom","file":"src/b c/é#1.txt","span":{"start":{"line":2,"col":5},"end":{"line":2,"col":1}},"fingerprint":"1fa2732690a3fc011323ea71d775322f6cb0e8721179758374a42f64f71ce241"}
